#-----------------------------------------------------------
# Vivado v2024.2 (64-bit)
# SW Build 5239630 on Fri Nov 08 22:35:27 MST 2024
# IP Build 5239520 on Sun Nov 10 16:12:51 MST 2024
# SharedData Build 5239561 on Fri Nov 08 14:39:27 MST 2024
# Start of session at: Mon Dec 30 18:05:19 2024
# Process ID         : 448
# Current directory  : C:/Users/hp/.Xilinx/projects/project_or_gate/project_or_gate.runs/synth_1
# Command line       : vivado.exe -log or_gate.vds -product Vivado -mode batch -messageDb vivado.pb -notrace -source or_gate.tcl
# Log file           : C:/Users/hp/.Xilinx/projects/project_or_gate/project_or_gate.runs/synth_1/or_gate.vds
# Journal file       : C:/Users/hp/.Xilinx/projects/project_or_gate/project_or_gate.runs/synth_1\vivado.jou
# Running On         : DESKTOP-752L1G5
# Platform           : Windows Server 2016 or Windows 10
# Operating System   : 19045
# Processor Detail   : Intel(R) Core(TM) i5-1035G1 CPU @ 1.00GHz
# CPU Frequency      : 1190 MHz
# CPU Physical cores : 4
# CPU Logical cores  : 8
# Host memory        : 8361 MB
# Swap memory        : 1342 MB
# Total Virtual      : 9703 MB
# Available Virtual  : 3232 MB
#-----------------------------------------------------------
source or_gate.tcl -notrace
